Archive member included because of file (symbol)

c:/program files/codesourcery/sourcery_codebench_lite_for_arm_eabi/bin/../lib/gcc/arm-none-eabi/4.6.3/../../../../arm-none-eabi/lib/thumb2\libm.a(lib_a-sf_cos.o)
                              ./src/MargAHRS.o (cosf)
c:/program files/codesourcery/sourcery_codebench_lite_for_arm_eabi/bin/../lib/gcc/arm-none-eabi/4.6.3/../../../../arm-none-eabi/lib/thumb2\libm.a(lib_a-sf_sin.o)
                              ./src/MargAHRS.o (sinf)
c:/program files/codesourcery/sourcery_codebench_lite_for_arm_eabi/bin/../lib/gcc/arm-none-eabi/4.6.3/../../../../arm-none-eabi/lib/thumb2\libm.a(lib_a-w_atan2.o)
                              ./src/MargAHRS.o (atan2)
c:/program files/codesourcery/sourcery_codebench_lite_for_arm_eabi/bin/../lib/gcc/arm-none-eabi/4.6.3/../../../../arm-none-eabi/lib/thumb2\libm.a(lib_a-w_sqrt.o)
                              ./src/sensors/lsm303dlhc.o (sqrt)
c:/program files/codesourcery/sourcery_codebench_lite_for_arm_eabi/bin/../lib/gcc/arm-none-eabi/4.6.3/../../../../arm-none-eabi/lib/thumb2\libm.a(lib_a-wf_asin.o)
                              ./src/MargAHRS.o (asinf)
c:/program files/codesourcery/sourcery_codebench_lite_for_arm_eabi/bin/../lib/gcc/arm-none-eabi/4.6.3/../../../../arm-none-eabi/lib/thumb2\libm.a(lib_a-wf_atan2.o)
                              ./src/MargAHRS.o (atan2f)
c:/program files/codesourcery/sourcery_codebench_lite_for_arm_eabi/bin/../lib/gcc/arm-none-eabi/4.6.3/../../../../arm-none-eabi/lib/thumb2\libm.a(lib_a-e_atan2.o)
                              c:/program files/codesourcery/sourcery_codebench_lite_for_arm_eabi/bin/../lib/gcc/arm-none-eabi/4.6.3/../../../../arm-none-eabi/lib/thumb2\libm.a(lib_a-w_atan2.o) (__ieee754_atan2)
c:/program files/codesourcery/sourcery_codebench_lite_for_arm_eabi/bin/../lib/gcc/arm-none-eabi/4.6.3/../../../../arm-none-eabi/lib/thumb2\libm.a(lib_a-e_sqrt.o)
                              c:/program files/codesourcery/sourcery_codebench_lite_for_arm_eabi/bin/../lib/gcc/arm-none-eabi/4.6.3/../../../../arm-none-eabi/lib/thumb2\libm.a(lib_a-w_sqrt.o) (__ieee754_sqrt)
c:/program files/codesourcery/sourcery_codebench_lite_for_arm_eabi/bin/../lib/gcc/arm-none-eabi/4.6.3/../../../../arm-none-eabi/lib/thumb2\libm.a(lib_a-ef_asin.o)
                              c:/program files/codesourcery/sourcery_codebench_lite_for_arm_eabi/bin/../lib/gcc/arm-none-eabi/4.6.3/../../../../arm-none-eabi/lib/thumb2\libm.a(lib_a-wf_asin.o) (__ieee754_asinf)
c:/program files/codesourcery/sourcery_codebench_lite_for_arm_eabi/bin/../lib/gcc/arm-none-eabi/4.6.3/../../../../arm-none-eabi/lib/thumb2\libm.a(lib_a-ef_atan2.o)
                              c:/program files/codesourcery/sourcery_codebench_lite_for_arm_eabi/bin/../lib/gcc/arm-none-eabi/4.6.3/../../../../arm-none-eabi/lib/thumb2\libm.a(lib_a-wf_atan2.o) (__ieee754_atan2f)
c:/program files/codesourcery/sourcery_codebench_lite_for_arm_eabi/bin/../lib/gcc/arm-none-eabi/4.6.3/../../../../arm-none-eabi/lib/thumb2\libm.a(lib_a-ef_rem_pio2.o)
                              c:/program files/codesourcery/sourcery_codebench_lite_for_arm_eabi/bin/../lib/gcc/arm-none-eabi/4.6.3/../../../../arm-none-eabi/lib/thumb2\libm.a(lib_a-sf_cos.o) (__ieee754_rem_pio2f)
c:/program files/codesourcery/sourcery_codebench_lite_for_arm_eabi/bin/../lib/gcc/arm-none-eabi/4.6.3/../../../../arm-none-eabi/lib/thumb2\libm.a(lib_a-ef_sqrt.o)
                              c:/program files/codesourcery/sourcery_codebench_lite_for_arm_eabi/bin/../lib/gcc/arm-none-eabi/4.6.3/../../../../arm-none-eabi/lib/thumb2\libm.a(lib_a-ef_asin.o) (__ieee754_sqrtf)
c:/program files/codesourcery/sourcery_codebench_lite_for_arm_eabi/bin/../lib/gcc/arm-none-eabi/4.6.3/../../../../arm-none-eabi/lib/thumb2\libm.a(lib_a-kf_cos.o)
                              c:/program files/codesourcery/sourcery_codebench_lite_for_arm_eabi/bin/../lib/gcc/arm-none-eabi/4.6.3/../../../../arm-none-eabi/lib/thumb2\libm.a(lib_a-sf_cos.o) (__kernel_cosf)
c:/program files/codesourcery/sourcery_codebench_lite_for_arm_eabi/bin/../lib/gcc/arm-none-eabi/4.6.3/../../../../arm-none-eabi/lib/thumb2\libm.a(lib_a-kf_rem_pio2.o)
                              c:/program files/codesourcery/sourcery_codebench_lite_for_arm_eabi/bin/../lib/gcc/arm-none-eabi/4.6.3/../../../../arm-none-eabi/lib/thumb2\libm.a(lib_a-ef_rem_pio2.o) (__kernel_rem_pio2f)
c:/program files/codesourcery/sourcery_codebench_lite_for_arm_eabi/bin/../lib/gcc/arm-none-eabi/4.6.3/../../../../arm-none-eabi/lib/thumb2\libm.a(lib_a-kf_sin.o)
                              c:/program files/codesourcery/sourcery_codebench_lite_for_arm_eabi/bin/../lib/gcc/arm-none-eabi/4.6.3/../../../../arm-none-eabi/lib/thumb2\libm.a(lib_a-sf_cos.o) (__kernel_sinf)
c:/program files/codesourcery/sourcery_codebench_lite_for_arm_eabi/bin/../lib/gcc/arm-none-eabi/4.6.3/../../../../arm-none-eabi/lib/thumb2\libm.a(lib_a-s_atan.o)
[...]
Memory Configuration

Name             Origin             Length             Attributes
FLASH            0x08000000         0x0003f800         xr
RAM              0x20000000         0x0000a000         xrw
*default*        0x00000000         0xffffffff

Linker script and memory map

LOAD c:/program files/codesourcery/sourcery_codebench_lite_for_arm_eabi/bin/../lib/gcc/arm-none-eabi/4.6.3/thumb2/crti.o
LOAD c:/program files/codesourcery/sourcery_codebench_lite_for_arm_eabi/bin/../lib/gcc/arm-none-eabi/4.6.3/thumb2/crtbegin.o
LOAD ./src/startup/startup_stm32f30x.o
LOAD ./src/sensors/l3gd20.o
LOAD ./src/sensors/lsm303dlhc.o
LOAD ./src/max7456/osdWidgets.o
LOAD ./src/gps/gps.o
LOAD ./src/gps/gpsMediaTek19.o
LOAD ./src/gps/gpsNMEA.o
LOAD ./src/gps/gpsUblox.o
LOAD ./src/drv/drv_gps.o
LOAD ./src/drv/drv_i2c.o
LOAD ./src/drv/drv_led.o
LOAD ./src/drv/drv_max7456.o
LOAD ./src/drv/drv_pwmEsc.o
LOAD ./src/drv/drv_pwmServo.o
LOAD ./src/drv/drv_rx.o
LOAD ./src/drv/drv_spi.o
LOAD ./src/drv/drv_system.o
LOAD ./src/drv/drv_telemetry.o
LOAD ./src/drv/drv_timingFunctions.o
LOAD ./src/drv/drv_uart1.o
LOAD ./src/calibration/accelCalibration.o
LOAD ./src/calibration/escCalibration.o
LOAD ./src/calibration/magCalibration.o
LOAD ./src/MargAHRS.o
LOAD ./src/cli.o
LOAD ./src/cliSupport.o
LOAD ./src/computeAxisCommands.o
LOAD ./src/config.o
LOAD ./src/coordinateTransforms.o
LOAD ./src/flightCommand.o
LOAD ./src/linearAlgebra.o
LOAD ./src/lowPassFilter.o
LOAD ./src/main.o
LOAD ./src/mixer.o
LOAD ./src/pid.o
LOAD ./src/rfTelem.o
LOAD ./src/stm32f30x_it.o
LOAD ./src/system_stm32f30x.o
LOAD ./src/utilities.o
LOAD ./src/vertCompFilter.o
LOAD ./Libraries/STM32F30x_StdPeriph_Driver/src/stm32f30x_adc.o
LOAD ./Libraries/STM32F30x_StdPeriph_Driver/src/stm32f30x_can.o
LOAD ./Libraries/STM32F30x_StdPeriph_Driver/src/stm32f30x_comp.o
LOAD ./Libraries/STM32F30x_StdPeriph_Driver/src/stm32f30x_crc.o
LOAD ./Libraries/STM32F30x_StdPeriph_Driver/src/stm32f30x_dac.o
LOAD ./Libraries/STM32F30x_StdPeriph_Driver/src/stm32f30x_dbgmcu.o
LOAD ./Libraries/STM32F30x_StdPeriph_Driver/src/stm32f30x_dma.o
LOAD ./Libraries/STM32F30x_StdPeriph_Driver/src/stm32f30x_exti.o
LOAD ./Libraries/STM32F30x_StdPeriph_Driver/src/stm32f30x_flash.o
LOAD ./Libraries/STM32F30x_StdPeriph_Driver/src/stm32f30x_gpio.o
LOAD ./Libraries/STM32F30x_StdPeriph_Driver/src/stm32f30x_i2c.o
LOAD ./Libraries/STM32F30x_StdPeriph_Driver/src/stm32f30x_iwdg.o
LOAD ./Libraries/STM32F30x_StdPeriph_Driver/src/stm32f30x_misc.o
LOAD ./Libraries/STM32F30x_StdPeriph_Driver/src/stm32f30x_opamp.o
LOAD ./Libraries/STM32F30x_StdPeriph_Driver/src/stm32f30x_pwr.o
LOAD ./Libraries/STM32F30x_StdPeriph_Driver/src/stm32f30x_rcc.o
LOAD ./Libraries/STM32F30x_StdPeriph_Driver/src/stm32f30x_rtc.o
LOAD ./Libraries/STM32F30x_StdPeriph_Driver/src/stm32f30x_spi.o
LOAD ./Libraries/STM32F30x_StdPeriph_Driver/src/stm32f30x_syscfg.o
LOAD ./Libraries/STM32F30x_StdPeriph_Driver/src/stm32f30x_tim.o
LOAD ./Libraries/STM32F30x_StdPeriph_Driver/src/stm32f30x_usart.o
LOAD ./Libraries/STM32F30x_StdPeriph_Driver/src/stm32f30x_wwdg.o
LOAD c:/program files/codesourcery/sourcery_codebench_lite_for_arm_eabi/bin/../lib/gcc/arm-none-eabi/4.6.3/../../../../arm-none-eabi/lib/thumb2\libm.a
START GROUP
LOAD c:/program files/codesourcery/sourcery_codebench_lite_for_arm_eabi/bin/../lib/gcc/arm-none-eabi/4.6.3/thumb2\libgcc.a
LOAD c:/program files/codesourcery/sourcery_codebench_lite_for_arm_eabi/bin/../lib/gcc/arm-none-eabi/4.6.3/../../../../arm-none-eabi/lib/thumb2\libc.a
END GROUP
LOAD c:/program files/codesourcery/sourcery_codebench_lite_for_arm_eabi/bin/../lib/gcc/arm-none-eabi/4.6.3/thumb2/crtend.o
LOAD c:/program files/codesourcery/sourcery_codebench_lite_for_arm_eabi/bin/../lib/gcc/arm-none-eabi/4.6.3/thumb2/crtn.o
                0x2000a000                _estack = 0x2000a000
                0x00000000                _Min_Heap_Size = 0x0
                0x00000400                _Min_Stack_Size = 0x400

.isr_vector     0x08000000      0x188
                0x08000000                . = ALIGN (0x4)
 *(.isr_vector)
 .isr_vector    0x08000000      0x188 ./src/startup/startup_stm32f30x.o
                0x08000000                g_pfnVectors
                0x08000188                . = ALIGN (0x4)

.text           0x08000188    0x2eae4
                0x08000188                . = ALIGN (0x4)
 *(.text)
 .text          0x08000188       0x68 c:/program files/codesourcery/sourcery_codebench_lite_for_arm_eabi/bin/../lib/gcc/arm-none-eabi/4.6.3/thumb2/crtbegin.o
 .text          0x080001f0      0x2dc ./src/sensors/l3gd20.o
                0x080001f0                initGyro
                0x080002d0                readGyro
                0x080003b8                computeGyroRTData
 .text          0x080004cc      0x3bc ./src/sensors/lsm303dlhc.o
                0x080004cc                readAccel
                0x08000544                initAccel
                0x080005ac                computeAccelRTData
                0x08000770                readMag
                0x080007f0                initMag
 .text          0x08000888      0xc78 ./src/max7456/osdWidgets.o
                0x08000888                displayAltitude
                0x08000c3c                displayArtificialHorizon
                0x08000ef4                displayAttitude
                0x08001444                displayHeading
 .text          0x08001500      0x1a8 ./src/gps/gps.o
                0x08001500                initGPS
 .text          0x080016a8      0x524 ./src/gps/gpsMediaTek19.o
                0x080016a8                decodeMediaTek3329BinaryMsg
 .text          0x08001bcc      0x860 ./src/gps/gpsNMEA.o
                0x08001bcc                nmeaGetScaledInt
                0x08001d3c                nmeaGetLatLong
                0x08001e8c                nmeaProcessSentence
                0x08002268                decodeNMEAsentence
 .text          0x0800242c      0x680 ./src/gps/gpsUblox.o
                0x0800242c                ubloxParseData
                0x080026cc                decodeUbloxMsg
 .text          0x08002aac      0x4a4 ./src/drv/drv_gps.o
                0x08002b58                DMA1_Channel7_IRQHandler
                0x08002b90                gpsInit
                0x08002dc0                gpsAvailable
                0x08002dec                gpsClearBuffer
                0x08002e0c                gpsNumCharsAvailable
                0x08002e48                gpsRead
                0x08002ea4                gpsReadPoll
                0x08002ebc                gpsWrite
                0x08002f28                gpsPrint
 .text          0x08002f50      0x9dc ./src/drv/drv_i2c.o
                0x08002f50                i2cTimeoutUserCallback
                0x08002fcc                i2cWrite
                0x080031dc                i2cRead
                0x080036b8                i2cInit
                0x080038f8                i2cGetErrorCounter
 .text          0x0800392c       0xd4 ./src/drv/drv_led.o
                0x0800392c                ledInit
 .text          0x08003a00      0x840 ./src/drv/drv_max7456.o
                0x08003a00                spiReadMax7456Register
                0x08003a34                spiWriteMax7456Register
                0x08003a6c                hideOSD
                0x08003ab8                unhideOSD
                0x08003b04                writeMax7456Chars
                0x08003c3c                detectVideoStandard
                0x08003e6c                initMax7456
                0x08003f34                resetMax7456
                0x08003fdc                showMax7456Font
                0x080040d8                waitNVM
                0x080040f0                writeNVMcharacter
                0x080041ac                downloadMax7456Font
 .text          0x08004240      0x2f8 ./src/drv/drv_pwmEsc.o
                0x08004240                pwmEscInit
                0x08004510                pwmEscWrite
 .text          0x08004538      0x148 ./src/drv/drv_pwmServo.o
                0x08004538                pwmServoInit
                0x08004658                pwmServoWrite
 .text          0x08004680      0xd54 ./src/drv/drv_rx.o
                0x08004958                TIM1_CC_IRQHandler
                0x08004968                TIM2_IRQHandler
                0x08004974                TIM3_IRQHandler
                0x08004984                TIM1_UP_TIM16_IRQHandler
                0x080049b4                USART3_IRQHandler
                0x08004b4c                rxInit
                0x080051e0                rxRead
                0x0800528c                checkSpektrumBind
 .text          0x080053d4      0x490 ./src/drv/drv_spi.o
                0x080053d4                spiInit
                0x080055d8                spiTimeoutUserCallback
                0x08005654                spiTransfer
                0x08005704                setSPIdivisor
                0x08005830                spiGetErrorCounter
 .text          0x08005864      0x8f4 ./src/drv/drv_system.o
                0x08005974                SysTick_Handler
                0x08005e18                micros
                0x08005e5c                millis
                0x08005e6c                systemInit
                0x08006080                delayMicroseconds
                0x080060f4                delay
                0x08006120                systemReset
 .text          0x08006158      0x458 ./src/drv/drv_telemetry.o
                0x08006204                DMA2_Channel5_IRQHandler
                0x08006240                telemetryInit
                0x0800647c                telemetryAvailable
                0x080064a8                telemetryRead
                0x08006504                telemetryReadPoll
                0x0800651c                telemetryWrite
                0x08006588                telemetryPrint
 .text          0x080065b0       0x58 ./src/drv/drv_timingFunctions.o
                0x080065b0                timingFunctionsInit
 .text          0x08006608      0x440 ./src/drv/drv_uart1.o
                0x080066b0                DMA1_Channel4_IRQHandler
                0x080066e8                uart1Init
                0x08006924                uart1Available
                0x08006950                uart1Read
                0x080069ac                uart1ReadPoll
                0x080069c4                uart1Write
                0x08006a20                uart1Print
 .text          0x08006a48      0xa00 ./src/calibration/accelCalibration.o
                0x08006a48                accelCalibration
 .text          0x08007448      0x1c4 ./src/calibration/escCalibration.o
                0x08007448                escCalibration
 .text          0x0800760c      0x304 ./src/calibration/magCalibration.o
                0x0800760c                magCalibration
 .text          0x08007910     0x1450 ./src/MargAHRS.o
                0x08007910                calculateAccConfidence
                0x080079f8                MargAHRSinit
                0x08007e10                MargAHRSupdate
 .text          0x08008d60     0x2e38 ./src/cli.o
                0x08008d60                highSpeedTelemDisable
                0x08008de0                readStringUart1
                0x08008e84                readFloatUart1
                0x08008f54                readUsbPID
                0x08008fe4                cliCom
 .text          0x0800bb98     0x2960 ./src/cliSupport.o
                0x0800bb98                max7456CLI
                0x0800c1a8                mixerCLI
                0x0800d484                receiverCLI
                0x0800dbf0                sensorCLI
                0x0800e1f0                gpsCLI
 .text          0x0800e4f8      0x2f8 ./src/computeAxisCommands.o
                0x0800e4f8                computeAxisCommands
 .text          0x0800e7f0      0xf98 ./src/config.o
                0x0800e7f0                parseRcChannels
                0x0800e84c                readEEPROM
                0x0800e908                writeEEPROM
                0x0800e984                checkFirstTime
 .text          0x0800f788      0x240 ./src/coordinateTransforms.o
                0x0800f788                createRotationMatrix
                0x0800f96c                bodyAccelToEarthAccel
 .text          0x0800f9c8      0x7b8 ./src/flightCommand.o
                0x0800f9c8                processFlightCommands
 .text          0x08010180      0x800 ./src/linearAlgebra.o
                0x08010180                vectorDotProduct
                0x080101e8                vectorCrossProduct
                0x0801029c                vectorScale
                0x080102f4                vectorAdd
                0x08010358                vectorSubtract
                0x080103bc                matrixMultiply
                0x080104dc                matrixAdd
                0x08010544                matrixSubtract
                0x080105ac                matrixScale
                0x08010608                matrixTranspose3x3
                0x0801067c                matrixInverse3x3
 .text          0x08010980      0x468 ./src/lowPassFilter.o
                0x08010980                computeFourthOrder100Hz
                0x08010a88                setupFourthOrder100Hz
                0x08010bb4                computeFourthOrder500Hz
                0x08010cbc                setupFourthOrder500Hz
 .text          0x08010de8      0xd10 ./src/main.o
                0x08010de8                main
 .text          0x08011af8     0x2f68 ./src/mixer.o
                0x08011af8                initMixer
                0x08011bf4                writeServos
                0x08011c38                writeMotors
                0x08011c94                writeAllMotors
                0x08011ce0                pulseMotors
                0x08011d3c                mixTable
 .text          0x08014a60      0x3cc ./src/pid.o
                0x08014a60                initPID
                0x08014b20                updatePID
                0x08014d18                setPIDintegralError
                0x08014d48                zeroPIDintegralError
                0x08014d80                setPIDstates
                0x08014df4                zeroPIDstates
 .text          0x08014e2c     0x192c ./src/rfTelem.o
                0x08014e2c                readFloatRF
                0x08014efc                readRFPID
                0x08014f8c                rfCom
 .text          0x08016758       0x20 ./src/stm32f30x_it.o
                0x08016758                NMI_Handler
                0x0801675c                HardFault_Handler
                0x08016760                MemManage_Handler
                0x08016764                BusFault_Handler
                0x08016768                UsageFault_Handler
                0x0801676c                SVC_Handler
                0x08016770                DebugMon_Handler
                0x08016774                PendSV_Handler
 .text          0x08016778      0x394 ./src/system_stm32f30x.o
                0x08016778                SystemInit
                0x08016870                SystemCoreClockUpdate
 *fill*         0x08016b0c        0x4 00
 .text          0x08016b10     0x1330 ./src/utilities.o
                0x08016b10                constrain
                0x08016b60                GPIO_ToggleBits
                0x08016bd4                itoa
                0x08016c40                ftoa
                0x08016ddc                _sbrk
                0x08016e54                sphereFit
                0x08017b14                standardRadianFormat
                0x08017b88                stringToFloat
 .text          0x08017e40      0x13c ./src/vertCompFilter.o
                0x08017e40                vertCompFilter
 .text          0x08017f7c      0x490 ./Libraries/STM32F30x_StdPeriph_Driver/src/stm32f30x_dma.o
                0x08017f7c                DMA_DeInit
                0x08018190                DMA_Init
                0x08018208                DMA_StructInit
                0x08018268                DMA_Cmd
                0x0801829c                DMA_SetCurrDataCounter
                0x080182b4                DMA_GetCurrDataCounter
                0x080182c4                DMA_ITConfig
                0x080182fc                DMA_GetFlagStatus
                0x08018358                DMA_ClearFlag
                0x08018384                DMA_GetITStatus
                0x080183e0                DMA_ClearITPendingBit
 .text          0x0801840c      0xc98 ./Libraries/STM32F30x_StdPeriph_Driver/src/stm32f30x_flash.o
                0x0801840c                FLASH_SetLatency
                0x08018444                FLASH_HalfCycleAccessCmd
                0x0801848c                FLASH_PrefetchBufferCmd
                0x080184d4                FLASH_Unlock
                0x0801850c                FLASH_Lock
                0x08018528                FLASH_ErasePage
                0x080185b8                FLASH_EraseAllPages
                0x0801863c                FLASH_ProgramWord
                0x080186fc                FLASH_ProgramHalfWord
                0x08018778                FLASH_OB_Unlock
                0x080187b0                FLASH_OB_Lock
                0x080187cc                FLASH_OB_Launch
                0x080187e8                FLASH_OB_Erase
                0x08018904                FLASH_OB_EnableWRP
                0x080189ec                FLASH_OB_RDPConfig
                0x08018af4                FLASH_OB_UserConfig
                0x08018bc0                FLASH_OB_BOOTConfig
                0x08018c70                FLASH_OB_VDDAConfig
                0x08018d20                FLASH_OB_SRAMParityConfig
                0x08018dac                FLASH_OB_WriteUser
                0x08018e5c                FLASH_ProgramOptionByteData
                0x08018ee0                FLASH_OB_GetUser
                0x08018ef4                FLASH_OB_GetWRP
                0x08018f04                FLASH_OB_GetRDP
                0x08018f40                FLASH_ITConfig
                0x08018f8c                FLASH_GetFlagStatus
                0x08018fc8                FLASH_ClearFlag
                0x08018fdc                FLASH_GetStatus
                0x08019050                FLASH_WaitForLastOperation
 .text          0x080190a4      0x474 ./Libraries/STM32F30x_StdPeriph_Driver/src/stm32f30x_gpio.o
                0x080190a4                GPIO_DeInit
                0x08019198                GPIO_Init
                0x080192e0                GPIO_StructInit
                0x08019310                GPIO_PinLockConfig
                0x08019350                GPIO_ReadInputDataBit
                0x08019390                GPIO_ReadInputData
                0x080193a0                GPIO_ReadOutputDataBit
                0x080193e0                GPIO_ReadOutputData
                0x080193f0                GPIO_SetBits
                0x08019408                GPIO_ResetBits
                0x08019420                GPIO_WriteBit
                0x08019450                GPIO_Write
                0x08019468                GPIO_PinAFConfig
 .text          0x08019518      0x8fc ./Libraries/STM32F30x_StdPeriph_Driver/src/stm32f30x_i2c.o
                0x08019518                I2C_DeInit
                0x08019564                I2C_Init
                0x0801962c                I2C_StructInit
                0x0801966c                I2C_Cmd
                0x0801969c                I2C_SoftwareResetCmd
                0x080196c0                I2C_ITConfig
                0x080196f8                I2C_StretchClockCmd
                0x08019728                I2C_StopModeCmd
                0x08019758                I2C_DualAddressCmd
                0x08019788                I2C_OwnAddress2Config
                0x080197d8                I2C_GeneralCallCmd
                0x08019808                I2C_SlaveByteControlCmd
                0x08019838                I2C_SlaveAddressConfig
                0x08019878                I2C_10BitAddressingModeCmd
                0x080198a8                I2C_AutoEndCmd
                0x080198d8                I2C_ReloadCmd
                0x08019908                I2C_NumberOfBytesConfig
                0x08019944                I2C_MasterRequestConfig
                0x08019974                I2C_GenerateSTART
                0x080199a4                I2C_GenerateSTOP
                0x080199d4                I2C_10BitAddressHeaderCmd
                0x08019a04                I2C_AcknowledgeConfig
                0x08019a34                I2C_GetAddressMatched
                0x08019a4c                I2C_GetTransferDirection
                0x08019a8c                I2C_TransferHandling
                0x08019aec                I2C_SMBusAlertCmd
                0x08019b1c                I2C_ClockTimeoutCmd
                0x08019b4c                I2C_ExtendedClockTimeoutCmd
                0x08019b7c                I2C_IdleClockTimeoutCmd
                0x08019bac                I2C_TimeoutAConfig
                0x08019bec                I2C_TimeoutBConfig
                0x08019c30                I2C_CalculatePEC
                0x08019c60                I2C_PECRequestCmd
                0x08019c90                I2C_GetPEC
                0x08019ca0                I2C_ReadRegister
                0x08019cc8                I2C_SendData
                0x08019ce0                I2C_ReceiveData
                0x08019cf0                I2C_DMACmd
                0x08019d28                I2C_GetFlagStatus
                0x08019d6c                I2C_ClearFlag
                0x08019d7c                I2C_GetITStatus
                0x08019e04                I2C_ClearITPendingBit
 .text          0x08019e14      0x1b0 ./Libraries/STM32F30x_StdPeriph_Driver/src/stm32f30x_misc.o
                0x08019e14                NVIC_PriorityGroupConfig
                0x08019e30                NVIC_Init
                0x08019f0c                NVIC_SetVectorTable
                0x08019f30                NVIC_SystemLPConfig
                0x08019f84                SysTick_CLKSourceConfig
 .text          0x08019fc4      0xf44 ./Libraries/STM32F30x_StdPeriph_Driver/src/stm32f30x_rcc.o
                0x08019fc4                RCC_DeInit
                0x0801a090                RCC_HSEConfig
                0x0801a0b8                RCC_WaitForHSEStartUp
                0x0801a124                RCC_AdjustHSICalibrationValue
                0x0801a164                RCC_HSICmd
                0x0801a180                RCC_LSEConfig
                0x0801a1d0                RCC_LSEDriveConfig
                0x0801a208                RCC_LSICmd
                0x0801a224                RCC_PLLConfig
                0x0801a264                RCC_PLLCmd
                0x0801a280                RCC_PREDIV1Config
                0x0801a2b8                RCC_ClockSecuritySystemCmd
                0x0801a2d4                RCC_MCOConfig
                0x0801a2f0                RCC_SYSCLKConfig
                0x0801a328                RCC_GetSYSCLKSource
                0x0801a340                RCC_HCLKConfig
                0x0801a378                RCC_PCLK1Config
                0x0801a3b0                RCC_PCLK2Config
                0x0801a3ec                RCC_GetClocksFreq
                0x0801a930                RCC_ADCCLKConfig
                0x0801a998                RCC_I2CCLKConfig
                0x0801aa00                RCC_TIMCLKConfig
                0x0801aa68                RCC_USARTCLKConfig
                0x0801ab40                RCC_USBCLKConfig
                0x0801ab54                RCC_RTCCLKConfig
                0x0801ab74                RCC_I2SCLKConfig
                0x0801ab88                RCC_RTCCLKCmd
                0x0801aba4                RCC_BackupResetCmd
                0x0801abc0                RCC_AHBPeriphClockCmd
                0x0801ac0c                RCC_APB2PeriphClockCmd
                0x0801ac58                RCC_APB1PeriphClockCmd
                0x0801aca4                RCC_AHBPeriphResetCmd
                0x0801acf0                RCC_APB2PeriphResetCmd
                0x0801ad3c                RCC_APB1PeriphResetCmd
                0x0801ad88                RCC_ITConfig
                0x0801ade8                RCC_GetFlagStatus
                0x0801ae90                RCC_ClearFlag
                0x0801aeac                RCC_GetITStatus
                0x0801aeec                RCC_ClearITPendingBit
 .text          0x0801af08      0x9f4 ./Libraries/STM32F30x_StdPeriph_Driver/src/stm32f30x_spi.o
                0x0801af08                SPI_I2S_DeInit
                0x0801af88                SPI_StructInit
                0x0801afd8                SPI_Init
                0x0801b118                I2S_StructInit
                0x0801b150                I2S_Init
                0x0801b2f4                SPI_Cmd
                0x0801b32c                SPI_TIModeCmd
                0x0801b364                I2S_Cmd
                0x0801b39c                SPI_DataSizeConfig
                0x0801b3dc                SPI_RxFIFOThresholdConfig
                0x0801b40c                SPI_BiDirectionalLineConfig
                0x0801b448                SPI_NSSInternalSoftwareConfig
                0x0801b484                I2S_FullDuplexConfig
                0x0801b530                SPI_SSOutputCmd
                0x0801b568                SPI_NSSPulseModeCmd
                0x0801b5a0                SPI_SendData8
                0x0801b5c8                SPI_I2S_SendData16
                0x0801b5e0                SPI_ReceiveData8
                0x0801b604                SPI_I2S_ReceiveData16
                0x0801b614                SPI_CRCLengthConfig
                0x0801b644                SPI_CalculateCRC
                0x0801b67c                SPI_TransmitCRC
                0x0801b694                SPI_GetCRC
                0x0801b6cc                SPI_GetCRCPolynomial
                0x0801b6dc                SPI_I2S_DMACmd
                0x0801b724                SPI_LastDMATransferCmd
                0x0801b754                SPI_I2S_ITConfig
                0x0801b7cc                SPI_GetTransmissionFIFOStatus
                0x0801b7e4                SPI_GetReceptionFIFOStatus
                0x0801b7fc                SPI_I2S_GetFlagStatus
                0x0801b83c                SPI_I2S_ClearFlag
                0x0801b858                SPI_I2S_GetITStatus
 .text          0x0801b8fc     0x2044 ./Libraries/STM32F30x_StdPeriph_Driver/src/stm32f30x_tim.o
                0x0801b8fc                TIM_DeInit
                0x0801ba90                TIM_TimeBaseInit
                0x0801bbac                TIM_TimeBaseStructInit
                0x0801bbdc                TIM_PrescalerConfig
                0x0801bc00                TIM_CounterModeConfig
                0x0801bc40                TIM_SetCounter
                0x0801bc50                TIM_SetAutoreload
                0x0801bc60                TIM_GetCounter
                0x0801bc70                TIM_GetPrescaler
                0x0801bc80                TIM_UpdateDisableConfig
                0x0801bcb8                TIM_UpdateRequestConfig
                0x0801bcf0                TIM_UIFRemap
                0x0801bd28                TIM_ARRPreloadConfig
                0x0801bd60                TIM_SelectOnePulseMode
                0x0801bd90                TIM_SetClockDivision
                0x0801bdc0                TIM_Cmd
                0x0801bdf8                TIM_OC1Init
                0x0801bf14                TIM_OC2Init
                0x0801c024                TIM_OC3Init
                0x0801c12c                TIM_OC4Init
                0x0801c1f4                TIM_OC5Init
                0x0801c2b0                TIM_OC6Init
                0x0801c364                TIM_SelectGC5C1
                0x0801c394                TIM_SelectGC5C2
                0x0801c3c4                TIM_SelectGC5C3
                0x0801c3f4                TIM_OCStructInit
                0x0801c43c                TIM_SelectOCxM
                0x0801c500                TIM_SetCompare1
                0x0801c510                TIM_SetCompare2
                0x0801c520                TIM_SetCompare3
                0x0801c530                TIM_SetCompare4
                0x0801c540                TIM_SetCompare5
                0x0801c550                TIM_SetCompare6
                0x0801c560                TIM_ForcedOC1Config
                0x0801c598                TIM_ForcedOC2Config
                0x0801c5d4                TIM_ForcedOC3Config
                0x0801c608                TIM_ForcedOC4Config
                0x0801c640                TIM_ForcedOC5Config
                0x0801c674                TIM_ForcedOC6Config
                0x0801c6ac                TIM_OC1PreloadConfig
                0x0801c6e0                TIM_OC2PreloadConfig
                0x0801c718                TIM_OC3PreloadConfig
                0x0801c74c                TIM_OC4PreloadConfig
                0x0801c784                TIM_OC5PreloadConfig
                0x0801c7b8                TIM_OC6PreloadConfig
                0x0801c7f0                TIM_OC1FastConfig
                0x0801c824                TIM_OC2FastConfig
                0x0801c85c                TIM_OC3FastConfig
                0x0801c890                TIM_OC4FastConfig
                0x0801c8c8                TIM_ClearOC1Ref
                0x0801c8fc                TIM_ClearOC2Ref
                0x0801c934                TIM_ClearOC3Ref
                0x0801c968                TIM_ClearOC4Ref
                0x0801c9a0                TIM_ClearOC5Ref
                0x0801c9d4                TIM_ClearOC6Ref
                0x0801ca0c                TIM_SelectOCREFClear
                0x0801ca38                TIM_OC1PolarityConfig
                0x0801ca6c                TIM_OC1NPolarityConfig
                0x0801caa0                TIM_OC2PolarityConfig
                0x0801cad8                TIM_OC2NPolarityConfig
                0x0801cb10                TIM_OC3PolarityConfig
                0x0801cb48                TIM_OC3NPolarityConfig
                0x0801cb80                TIM_OC4PolarityConfig
                0x0801cbb8                TIM_OC5PolarityConfig
                0x0801cbf0                TIM_OC6PolarityConfig
                0x0801cc28                TIM_CCxCmd
                0x0801cc78                TIM_CCxNCmd
                0x0801ccc8                TIM_ICInit
                0x0801cd6c                TIM_ICStructInit
                0x0801cd9c                TIM_PWMIConfig
                0x0801ce70                TIM_GetCapture1
                0x0801ce80                TIM_GetCapture2
                0x0801ce90                TIM_GetCapture3
                0x0801cea0                TIM_GetCapture4
                0x0801ceb0                TIM_SetIC1Prescaler
                0x0801ced8                TIM_SetIC2Prescaler
                0x0801cf04                TIM_SetIC3Prescaler
                0x0801cf30                TIM_SetIC4Prescaler
                0x0801cf60                TIM_BDTRConfig
                0x0801cfa4                TIM_Break1Config
                0x0801cfd8                TIM_Break2Config
                0x0801d00c                TIM_Break1Cmd
                0x0801d03c                TIM_Break2Cmd
                0x0801d06c                TIM_BDTRStructInit
                0x0801d0ac                TIM_CtrlPWMOutputs
                0x0801d0e0                TIM_SelectCOM
                0x0801d114                TIM_CCPreloadControl
                0x0801d148                TIM_ITConfig
                0x0801d188                TIM_GenerateEvent
                0x0801d1a0                TIM_GetFlagStatus
                0x0801d1d8                TIM_ClearFlag
                0x0801d1f8                TIM_GetITStatus
                0x0801d268                TIM_ClearITPendingBit
                0x0801d288                TIM_DMAConfig
                0x0801d2b0                TIM_DMACmd
                0x0801d2f0                TIM_SelectCCDMA
                0x0801d324                TIM_InternalClockConfig
                0x0801d33c                TIM_ITRxExternalClockConfig
                0x0801d364                TIM_TIxExternalClockConfig
                0x0801d3c4                TIM_ETRClockMode1Config
                0x0801d434                TIM_ETRClockMode2Config
                0x0801d468                TIM_SelectInputTrigger
                0x0801d4a8                TIM_SelectOutputTrigger
                0x0801d4d4                TIM_SelectOutputTrigger2
                0x0801d4f8                TIM_SelectSlaveMode
                0x0801d520                TIM_SelectMasterSlaveMode
                0x0801d54c                TIM_ETRConfig
                0x0801d5a8                TIM_EncoderInterfaceConfig
                0x0801d668                TIM_SelectHallSensor
                0x0801d69c                TIM_RemapConfig
 .text          0x0801d940      0xb84 ./Libraries/STM32F30x_StdPeriph_Driver/src/stm32f30x_usart.o
                0x0801d940                USART_DeInit
                0x0801da10                USART_Init
                0x0801db98                USART_StructInit
                0x0801dbd0                USART_ClockInit
                0x0801dc10                USART_ClockStructInit
                0x0801dc38                USART_Cmd
                0x0801dc68                USART_DirectionModeCmd
                0x0801dca0                USART_OverSampling8Cmd
                0x0801dcd0                USART_OneBitMethodCmd
                0x0801dd00                USART_MSBFirstCmd
                0x0801dd30                USART_DataInvCmd
                0x0801dd60                USART_InvPinCmd
                0x0801dd98                USART_SWAPPinCmd
                0x0801ddc8                USART_ReceiverTimeOutCmd
                0x0801ddf8                USART_SetReceiverTimeOut
                0x0801de1c                USART_SetPrescaler
                0x0801de50                USART_STOPModeCmd
                0x0801de80                USART_StopModeWakeUpSourceConfig
                0x0801dea4                USART_AutoBaudRateCmd
                0x0801ded4                USART_AutoBaudRateConfig
                0x0801def8                USART_SendData
                0x0801df18                USART_ReceiveData
                0x0801df34                USART_SetAddress
                0x0801df60                USART_MuteModeCmd
                0x0801df90                USART_MuteModeWakeUpConfig
                0x0801dfb4                USART_AddressDetectionConfig
                0x0801dfd8                USART_LINBreakDetectLengthConfig
                0x0801dffc                USART_LINCmd
                0x0801e02c                USART_HalfDuplexCmd
                0x0801e05c                USART_SetGuardTime
                0x0801e094                USART_SmartCardCmd
                0x0801e0c4                USART_SmartCardNACKCmd
                0x0801e0f4                USART_SetAutoRetryCount
                0x0801e120                USART_SetBlockLength
                0x0801e14c                USART_IrDAConfig
                0x0801e170                USART_IrDACmd
                0x0801e1a0                USART_DECmd
                0x0801e1d0                USART_DEPolarityConfig
                0x0801e1f4                USART_SetDEAssertionTime
                0x0801e21c                USART_SetDEDeassertionTime
                0x0801e244                USART_DMACmd
                0x0801e27c                USART_DMAReceptionErrorConfig
                0x0801e2a0                USART_ITConfig
                0x0801e330                USART_RequestCmd
                0x0801e374                USART_OverrunDetectionConfig
                0x0801e398                USART_GetFlagStatus
                0x0801e3d0                USART_ClearFlag
                0x0801e3e0                USART_GetITStatus
                0x0801e494                USART_ClearITPendingBit
 .text          0x0801e4c4       0x6c c:/program files/codesourcery/sourcery_codebench_lite_for_arm_eabi/bin/../lib/gcc/arm-none-eabi/4.6.3/../../../../arm-none-eabi/lib/thumb2\libm.a(lib_a-sf_cos.o)
                0x0801e4c4                cosf
 .text          0x0801e530       0x78 c:/program files/codesourcery/sourcery_codebench_lite_for_arm_eabi/bin/../lib/gcc/arm-none-eabi/4.6.3/../../../../arm-none-eabi/lib/thumb2\libm.a(lib_a-sf_sin.o)
                0x0801e530                sinf
 .text          0x0801e5a8        0x4 c:/program files/codesourcery/sourcery_codebench_lite_for_arm_eabi/bin/../lib/gcc/arm-none-eabi/4.6.3/../../../../arm-none-eabi/lib/thumb2\libm.a(lib_a-w_atan2.o)
                0x0801e5a8                atan2
 .text          0x0801e5ac       0xac c:/program files/codesourcery/sourcery_codebench_lite_for_arm_eabi/bin/../lib/gcc/arm-none-eabi/4.6.3/../../../../arm-none-eabi/lib/thumb2\libm.a(lib_a-w_sqrt.o)
                0x0801e5ac                sqrt
 .text          0x0801e658       0xa4 c:/program files/codesourcery/sourcery_codebench_lite_for_arm_eabi/bin/../lib/gcc/arm-none-eabi/4.6.3/../../../../arm-none-eabi/lib/thumb2\libm.a(lib_a-wf_asin.o)
                0x0801e658                asinf
 .text          0x0801e6fc        0x4 c:/program files/codesourcery/sourcery_codebench_lite_for_arm_eabi/bin/../lib/gcc/arm-none-eabi/4.6.3/../../../../arm-none-eabi/lib/thumb2\libm.a(lib_a-wf_atan2.o)
                0x0801e6fc                atan2f
 .text          0x0801e700      0x228 c:/program files/codesourcery/sourcery_codebench_lite_for_arm_eabi/bin/../lib/gcc/arm-none-eabi/4.6.3/../../../../arm-none-eabi/lib/thumb2\libm.a(lib_a-e_atan2.o)
                0x0801e700                __ieee754_atan2
 .text          0x0801e928      0x1b8 c:/program files/codesourcery/sourcery_codebench_lite_for_arm_eabi/bin/../lib/gcc/arm-none-eabi/4.6.3/../../../../arm-none-eabi/lib/thumb2\libm.a(lib_a-e_sqrt.o)
                0x0801e928                __ieee754_sqrt
 .text          0x0801eae0      0x318 c:/program files/codesourcery/sourcery_codebench_lite_for_arm_eabi/bin/../lib/gcc/arm-none-eabi/4.6.3/../../../../arm-none-eabi/lib/thumb2\libm.a(lib_a-ef_asin.o)
                0x0801eae0                __ieee754_asinf
 .text          0x0801edf8      0x158 c:/program files/codesourcery/sourcery_codebench_lite_for_arm_eabi/bin/../lib/gcc/arm-none-eabi/4.6.3/../../../../arm-none-eabi/lib/thumb2\libm.a(lib_a-ef_atan2.o)
                0x0801edf8                __ieee754_atan2f
 .text          0x0801ef50      0x358 c:/program files/codesourcery/sourcery_codebench_lite_for_arm_eabi/bin/../lib/gcc/arm-none-eabi/4.6.3/../../../../arm-none-eabi/lib/thumb2\libm.a(lib_a-ef_rem_pio2.o)
                0x0801ef50                __ieee754_rem_pio2f
 .text          0x0801f2a8       0xb0 c:/program files/codesourcery/sourcery_codebench_lite_for_arm_eabi/bin/../lib/gcc/arm-none-eabi/4.6.3/../../../../arm-none-eabi/lib/thumb2\libm.a(lib_a-ef_sqrt.o)
                0x0801f2a8                __ieee754_sqrtf
 .text          0x0801f358      0x1b8 c:/program files/codesourcery/sourcery_codebench_lite_for_arm_eabi/bin/../lib/gcc/arm-none-eabi/4.6.3/../../../../arm-none-eabi/lib/thumb2\libm.a(lib_a-kf_cos.o)
                0x0801f358                __kernel_cosf
 .text          0x0801f510      0x62c c:/program files/codesourcery/sourcery_codebench_lite_for_arm_eabi/bin/../lib/gcc/arm-none-eabi/4.6.3/../../../../arm-none-eabi/lib/thumb2\libm.a(lib_a-kf_rem_pio2.o)
                0x0801f510                __kernel_rem_pio2f
 .text          0x0801fb3c      0x100 c:/program files/codesourcery/sourcery_codebench_lite_for_arm_eabi/bin/../lib/gcc/arm-none-eabi/4.6.3/../../../../arm-none-eabi/lib/thumb2\libm.a(lib_a-kf_sin.o)
                0x0801fb3c                __kernel_sinf
 *fill*         0x0801fc3c        0x4 00
 .text          0x0801fc40      0x350 c:/program files/codesourcery/sourcery_codebench_lite_for_arm_eabi/bin/../lib/gcc/arm-none-eabi/4.6.3/../../../../arm-none-eabi/lib/thumb2\libm.a(lib_a-s_atan.o)
                0x0801fc40                atan
 .text          0x0801ff90        0x8 c:/program files/codesourcery/sourcery_codebench_lite_for_arm_eabi/bin/../lib/gcc/arm-none-eabi/4.6.3/../../../../arm-none-eabi/lib/thumb2\libm.a(lib_a-s_fabs.o)
                0x0801ff90                fabs
 .text          0x0801ff98       0x94 c:/program files/codesourcery/sourcery_codebench_lite_for_arm_eabi/bin/../lib/gcc/arm-none-eabi/4.6.3/../../../../arm-none-eabi/lib/thumb2\libm.a(lib_a-s_fpclassify.o)
                0x0801ff98                __fpclassifyd
 .text          0x0802002c        0x4 c:/program files/codesourcery/sourcery_codebench_lite_for_arm_eabi/bin/../lib/gcc/arm-none-eabi/4.6.3/../../../../arm-none-eabi/lib/thumb2\libm.a(lib_a-s_matherr.o)
                0x0802002c                matherr
 .text          0x08020030        0xc c:/program files/codesourcery/sourcery_codebench_lite_for_arm_eabi/bin/../lib/gcc/arm-none-eabi/4.6.3/../../../../arm-none-eabi/lib/thumb2\libm.a(lib_a-s_nan.o)
                0x08020030                nan
 .text          0x0802003c      0x23c c:/program files/codesourcery/sourcery_codebench_lite_for_arm_eabi/bin/../lib/gcc/arm-none-eabi/4.6.3/../../../../arm-none-eabi/lib/thumb2\libm.a(lib_a-sf_atan.o)
                0x0802003c                atanf
 .text          0x08020278        0x8 c:/program files/codesourcery/sourcery_codebench_lite_for_arm_eabi/bin/../lib/gcc/arm-none-eabi/4.6.3/../../../../arm-none-eabi/lib/thumb2\libm.a(lib_a-sf_fabs.o)
                0x08020278                fabsf
 .text          0x08020280       0x98 c:/program files/codesourcery/sourcery_codebench_lite_for_arm_eabi/bin/../lib/gcc/arm-none-eabi/4.6.3/../../../../arm-none-eabi/lib/thumb2\libm.a(lib_a-sf_floor.o)
                0x08020280                floorf
 .text          0x08020318       0x7c c:/program files/codesourcery/sourcery_codebench_lite_for_arm_eabi/bin/../lib/gcc/arm-none-eabi/4.6.3/../../../../arm-none-eabi/lib/thumb2\libm.a(lib_a-sf_fpclassify.o)
                0x08020318                __fpclassifyf
 .text          0x08020394       0xc4 c:/program files/codesourcery/sourcery_codebench_lite_for_arm_eabi/bin/../lib/gcc/arm-none-eabi/4.6.3/../../../../arm-none-eabi/lib/thumb2\libm.a(lib_a-sf_scalbn.o)
                0x08020394                scalbnf
 .text          0x08020458        0xc c:/program files/codesourcery/sourcery_codebench_lite_for_arm_eabi/bin/../lib/gcc/arm-none-eabi/4.6.3/../../../../arm-none-eabi/lib/thumb2\libm.a(lib_a-sf_copysign.o)
                0x08020458                copysignf
 .text          0x08020464      0x370 c:/program files/codesourcery/sourcery_codebench_lite_for_arm_eabi/bin/../lib/gcc/arm-none-eabi/4.6.3/thumb2\libgcc.a(_arm_addsubdf3.o)
                0x08020464                __aeabi_drsub
                0x0802046c                __aeabi_dsub
                0x0802046c                __subdf3
                0x08020470                __aeabi_dadd
                0x08020470                __adddf3
                0x080206e8                __floatunsidf
                0x080206e8                __aeabi_ui2d
                0x08020708                __floatsidf
                0x08020708                __aeabi_i2d
                0x0802072c                __aeabi_f2d
                0x0802072c                __extendsfdf2
                0x08020768                __floatundidf
                0x08020768                __aeabi_ul2d
                0x08020778                __floatdidf
                0x08020778                __aeabi_l2d
 .text          0x080207d4      0x424 c:/program files/codesourcery/sourcery_codebench_lite_for_arm_eabi/bin/../lib/gcc/arm-none-eabi/4.6.3/thumb2\libgcc.a(_arm_muldivdf3.o)
                0x080207d4                __aeabi_dmul
                0x080207d4                __muldf3
                0x08020a28                __divdf3
                0x08020a28                __aeabi_ddiv
 .text          0x08020bf8      0x110 c:/program files/codesourcery/sourcery_codebench_lite_for_arm_eabi/bin/../lib/gcc/arm-none-eabi/4.6.3/thumb2\libgcc.a(_arm_cmpdf2.o)
                0x08020bf8                __gtdf2
                0x08020bf8                __gedf2
                0x08020c00                __ltdf2
                0x08020c00                __ledf2
                0x08020c08                __nedf2
                0x08020c08                __eqdf2
                0x08020c08                __cmpdf2
                0x08020c84                __aeabi_cdrcmple
                0x08020c94                __aeabi_cdcmpeq
                0x08020c94                __aeabi_cdcmple
                0x08020ca4                __aeabi_dcmpeq
                0x08020cb8                __aeabi_dcmplt
                0x08020ccc                __aeabi_dcmple
                0x08020ce0                __aeabi_dcmpge
                0x08020cf4                __aeabi_dcmpgt
 .text          0x08020d08       0xa0 c:/program files/codesourcery/sourcery_codebench_lite_for_arm_eabi/bin/../lib/gcc/arm-none-eabi/4.6.3/thumb2\libgcc.a(_arm_truncdfsf2.o)
                0x08020d08                __truncdfsf2
                0x08020d08                __aeabi_d2f
 .text          0x08020da8      0x21c c:/program files/codesourcery/sourcery_codebench_lite_for_arm_eabi/bin/../lib/gcc/arm-none-eabi/4.6.3/thumb2\libgcc.a(_arm_addsubsf3.o)
                0x08020da8                __aeabi_frsub
                0x08020db0                __subsf3
                0x08020db0                __aeabi_fsub
                0x08020db4                __aeabi_fadd
                0x08020db4                __addsf3
                0x08020f14                __aeabi_ui2f
                0x08020f14                __floatunsisf
                0x08020f1c                __aeabi_i2f
                0x08020f1c                __floatsisf
                0x08020f38                __aeabi_ul2f
                0x08020f38                __floatundisf
                0x08020f48                __aeabi_l2f
                0x08020f48                __floatdisf
 .text          0x08020fc4      0x2a0 c:/program files/codesourcery/sourcery_codebench_lite_for_arm_eabi/bin/../lib/gcc/arm-none-eabi/4.6.3/thumb2\libgcc.a(_arm_muldivsf3.o)
                0x08020fc4                __mulsf3
                0x08020fc4                __aeabi_fmul
                0x0802112c                __aeabi_fdiv
                0x0802112c                __divsf3
 .text          0x08021264       0xec c:/program files/codesourcery/sourcery_codebench_lite_for_arm_eabi/bin/../lib/gcc/arm-none-eabi/4.6.3/thumb2\libgcc.a(_arm_cmpsf2.o)
                0x08021264                __gesf2
                0x08021264                __gtsf2
                0x0802126c                __lesf2
                0x0802126c                __ltsf2
                0x08021274                __nesf2
                0x08021274                __eqsf2
                0x08021274                __cmpsf2
                0x080212d4                __aeabi_cfrcmple
                0x080212dc                __aeabi_cfcmpeq
                0x080212dc                __aeabi_cfcmple
                0x080212ec                __aeabi_fcmpeq
                0x08021300                __aeabi_fcmplt
                0x08021314                __aeabi_fcmple
                0x08021328                __aeabi_fcmpge
                0x0802133c                __aeabi_fcmpgt
 .text          0x08021350       0x4c c:/program files/codesourcery/sourcery_codebench_lite_for_arm_eabi/bin/../lib/gcc/arm-none-eabi/4.6.3/thumb2\libgcc.a(_arm_fixsfsi.o)
                0x08021350                __aeabi_f2iz
                0x08021350                __fixsfsi
 .text          0x0802139c        0xc c:/program files/codesourcery/sourcery_codebench_lite_for_arm_eabi/bin/../lib/gcc/arm-none-eabi/4.6.3/../../../../arm-none-eabi/lib/thumb2\libc.a(lib_a-errno.o)
                0x0802139c                __errno
 .text          0x080213a8       0x50 c:/program files/codesourcery/sourcery_codebench_lite_for_arm_eabi/bin/../lib/gcc/arm-none-eabi/4.6.3/../../../../arm-none-eabi/lib/thumb2\libc.a(lib_a-init.o)
                0x080213a8                __libc_init_array
 .text          0x080213f8       0xf0 c:/program files/codesourcery/sourcery_codebench_lite_for_arm_eabi/bin/../lib/gcc/arm-none-eabi/4.6.3/../../../../arm-none-eabi/lib/thumb2\libc.a(lib_a-memcpy.o)
                0x080213f8                memcpy
 .text          0x080214e8       0xcc c:/program files/codesourcery/sourcery_codebench_lite_for_arm_eabi/bin/../lib/gcc/arm-none-eabi/4.6.3/../../../../arm-none-eabi/lib/thumb2\libc.a(lib_a-snprintf.o)
                0x080214e8                _snprintf_r
                0x08021548                snprintf
 .text          0x080215b4       0x48 c:/program files/codesourcery/sourcery_codebench_lite_for_arm_eabi/bin/../lib/gcc/arm-none-eabi/4.6.3/../../../../arm-none-eabi/lib/thumb2\libc.a(lib_a-strcat.o)
                0x080215b4                strcat
 .text          0x080215fc       0xf0 c:/program files/codesourcery/sourcery_codebench_lite_for_arm_eabi/bin/../lib/gcc/arm-none-eabi/4.6.3/../../../../arm-none-eabi/lib/thumb2\libc.a(lib_a-strchr.o)
                0x080215fc                strchr
 .text          0x080216ec       0xbc c:/program files/codesourcery/sourcery_codebench_lite_for_arm_eabi/bin/../lib/gcc/arm-none-eabi/4.6.3/../../../../arm-none-eabi/lib/thumb2\libc.a(lib_a-strcpy.o)
                0x080216ec                strcpy
 .text          0x080217a8       0x60 c:/program files/codesourcery/sourcery_codebench_lite_for_arm_eabi/bin/../lib/gcc/arm-none-eabi/4.6.3/../../../../arm-none-eabi/lib/thumb2\libc.a(lib_a-strlen.o)
                0x080217a8                strlen
 .text          0x08021808       0xa8 c:/program files/codesourcery/sourcery_codebench_lite_for_arm_eabi/bin/../lib/gcc/arm-none-eabi/4.6.3/../../../../arm-none-eabi/lib/thumb2\libc.a(lib_a-strncmp.o)
                0x08021808                strncmp
 .text          0x080218b0       0x74 c:/program files/codesourcery/sourcery_codebench_lite_for_arm_eabi/bin/../lib/gcc/arm-none-eabi/4.6.3/../../../../arm-none-eabi/lib/thumb2\libc.a(lib_a-strncpy.o)
                0x080218b0                strncpy
 .text          0x08021924     0x14e0 c:/program files/codesourcery/sourcery_codebench_lite_for_arm_eabi/bin/../lib/gcc/arm-none-eabi/4.6.3/../../../../arm-none-eabi/lib/thumb2\libc.a(lib_a-svfprintf.o)
                0x08021924                _svfprintf_r
 *fill*         0x08022e04        0x4 00
 .text          0x08022e08     0x1030 c:/program files/codesourcery/sourcery_codebench_lite_for_arm_eabi/bin/../lib/gcc/arm-none-eabi/4.6.3/../../../../arm-none-eabi/lib/thumb2\libc.a(lib_a-dtoa.o)
                0x08022f50                _dtoa_r
 .text          0x08023e38       0xa4 c:/program files/codesourcery/sourcery_codebench_lite_for_arm_eabi/bin/../lib/gcc/arm-none-eabi/4.6.3/../../../../arm-none-eabi/lib/thumb2\libc.a(lib_a-locale.o)
                0x08023e38                _setlocale_r
                0x08023e94                __locale_charset
                0x08023ea0                __locale_mb_cur_max
                0x08023eac                __locale_msgcharset
                0x08023eb4                __locale_cjk_lang
                0x08023eb8                _localeconv_r
                0x08023ec0                setlocale
                0x08023ed4                localeconv
 .text          0x08023edc       0x20 c:/program files/codesourcery/sourcery_codebench_lite_for_arm_eabi/bin/../lib/gcc/arm-none-eabi/4.6.3/../../../../arm-none-eabi/lib/thumb2\libc.a(lib_a-malloc.o)
                0x08023edc                malloc
                0x08023eec                free
 .text          0x08023efc      0x580 c:/program files/codesourcery/sourcery_codebench_lite_for_arm_eabi/bin/../lib/gcc/arm-none-eabi/4.6.3/../../../../arm-none-eabi/lib/thumb2\libc.a(lib_a-mallocr.o)
                0x08023efc                _malloc_r
 .text          0x0802447c       0x88 c:/program files/codesourcery/sourcery_codebench_lite_for_arm_eabi/bin/../lib/gcc/arm-none-eabi/4.6.3/../../../../arm-none-eabi/lib/thumb2\libc.a(lib_a-memchr.o)
                0x0802447c                memchr
 .text          0x08024504        0x8 c:/program files/codesourcery/sourcery_codebench_lite_for_arm_eabi/bin/../lib/gcc/arm-none-eabi/4.6.3/../../../../arm-none-eabi/lib/thumb2\libc.a(lib_a-mlock.o)
                0x08024504                __malloc_lock
                0x08024508                __malloc_unlock
 .text          0x0802450c      0x910 c:/program files/codesourcery/sourcery_codebench_lite_for_arm_eabi/bin/../lib/gcc/arm-none-eabi/4.6.3/../../../../arm-none-eabi/lib/thumb2\libc.a(lib_a-mprec.o)
                0x0802450c                _Balloc
                0x08024578                _Bfree
                0x080245b0                __multadd
                0x08024634                __s2b
                0x080246c8                __hi0bits
                0x08024704                __lo0bits
                0x08024760                __i2b
                0x08024774                __multiply
                0x080248b0                __pow5mult
                0x08024950                __lshift
                0x08024a0c                __mcmp
                0x08024a4c                __mdiff
                0x08024b2c                __ulp
                0x08024b70                __b2d
                0x08024c20                __d2b
                0x08024cec                __ratio
                0x08024d40                _mprec_log10
                0x08024d74                __copybits
                0x08024dbc                __any_on
 .text          0x08024e1c       0x28 c:/program files/codesourcery/sourcery_codebench_lite_for_arm_eabi/bin/../lib/gcc/arm-none-eabi/4.6.3/../../../../arm-none-eabi/lib/thumb2\libc.a(lib_a-sbrkr.o)
                0x08024e1c                _sbrk_r
 .text          0x08024e44      0x1dc c:/program files/codesourcery/sourcery_codebench_lite_for_arm_eabi/bin/../lib/gcc/arm-none-eabi/4.6.3/../../../../arm-none-eabi/lib/thumb2\libc.a(lib_a-strcmp.o)
                0x08024e44                strcmp
 .text          0x08025020      0xb60 c:/program files/codesourcery/sourcery_codebench_lite_for_arm_eabi/bin/../lib/gcc/arm-none-eabi/4.6.3/../../../../arm-none-eabi/lib/thumb2\libc.a(lib_a-svfiprintf.o)
                0x08025020                __ssprint_r
                0x08025138                _svfiprintf_r
 .text          0x08025b80       0x60 c:/program files/codesourcery/sourcery_codebench_lite_for_arm_eabi/bin/../lib/gcc/arm-none-eabi/4.6.3/../../../../arm-none-eabi/lib/thumb2\libc.a(lib_a-callocr.o)
                0x08025b80                _calloc_r
 .text          0x08025be0      0x234 c:/program files/codesourcery/sourcery_codebench_lite_for_arm_eabi/bin/../lib/gcc/arm-none-eabi/4.6.3/../../../../arm-none-eabi/lib/thumb2\libc.a(lib_a-freer.o)
                0x08025be0                _malloc_trim_r
                0x08025c84                _free_r
 .text          0x08025e14       0xbc c:/program files/codesourcery/sourcery_codebench_lite_for_arm_eabi/bin/../lib/gcc/arm-none-eabi/4.6.3/../../../../arm-none-eabi/lib/thumb2\libc.a(lib_a-memmove.o)
                0x08025e14                memmove
 .text          0x08025ed0       0x8c c:/program files/codesourcery/sourcery_codebench_lite_for_arm_eabi/bin/../lib/gcc/arm-none-eabi/4.6.3/../../../../arm-none-eabi/lib/thumb2\libc.a(lib_a-memset.o)
                0x08025ed0                memset
 .text          0x08025f5c      0x3d8 c:/program files/codesourcery/sourcery_codebench_lite_for_arm_eabi/bin/../lib/gcc/arm-none-eabi/4.6.3/../../../../arm-none-eabi/lib/thumb2\libc.a(lib_a-reallocr.o)
                0x08025f5c                _realloc_r
 *fill*         0x08026334        0x4 00
 .text          0x08026338      0x278 c:/program files/codesourcery/sourcery_codebench_lite_for_arm_eabi/bin/../lib/gcc/arm-none-eabi/4.6.3/thumb2\libgcc.a(_udivsi3.o)
                0x08026338                __aeabi_uidiv
                0x08026338                __udivsi3
                0x08026594                __aeabi_uidivmod
 .text          0x080265b0        0x4 c:/program files/codesourcery/sourcery_codebench_lite_for_arm_eabi/bin/../lib/gcc/arm-none-eabi/4.6.3/thumb2\libgcc.a(_dvmd_tls.o)
                0x080265b0                __aeabi_idiv0
                0x080265b0                __aeabi_ldiv0
 .text          0x080265b4       0x50 c:/program files/codesourcery/sourcery_codebench_lite_for_arm_eabi/bin/../lib/gcc/arm-none-eabi/4.6.3/thumb2\libgcc.a(_arm_fixdfsi.o)
                0x080265b4                __aeabi_d2iz
                0x080265b4                __fixdfsi
 .text          0x08026604       0x2c c:/program files/codesourcery/sourcery_codebench_lite_for_arm_eabi/bin/../lib/gcc/arm-none-eabi/4.6.3/thumb2\libgcc.a(_aeabi_uldivmod.o)
                0x08026604                __aeabi_uldivmod
 .text          0x08026630       0x5c c:/program files/codesourcery/sourcery_codebench_lite_for_arm_eabi/bin/../lib/gcc/arm-none-eabi/4.6.3/thumb2\libgcc.a(bpabi.o)
                0x08026630                __gnu_ldivmod_helper
                0x08026660                __gnu_uldivmod_helper
 .text          0x0802668c      0x364 c:/program files/codesourcery/sourcery_codebench_lite_for_arm_eabi/bin/../lib/gcc/arm-none-eabi/4.6.3/thumb2\libgcc.a(_divdi3.o)
                0x0802668c                __divdi3
 .text          0x080269f0      0x33c c:/program files/codesourcery/sourcery_codebench_lite_for_arm_eabi/bin/../lib/gcc/arm-none-eabi/4.6.3/thumb2\libgcc.a(_udivdi3.o)
                0x080269f0                __udivdi3
 *(.text*)
 .text.Reset_Handler
                0x08026d2c       0xb8 ./src/startup/startup_stm32f30x.o
                0x08026d2c                Reset_Handler
 .text.Default_Handler
                0x08026de4        0x4 ./src/startup/startup_stm32f30x.o
                0x08026de4                RTC_Alarm_IRQHandler
                0x08026de4                TIM8_TRG_COM_IRQHandler
                0x08026de4                TIM8_CC_IRQHandler
                0x08026de4                USB_HP_IRQHandler
                0x08026de4                PVD_IRQHandler
                0x08026de4                EXTI3_IRQHandler
                0x08026de4                EXTI0_IRQHandler
                0x08026de4                I2C2_EV_IRQHandler
                0x08026de4                FPU_IRQHandler
                0x08026de4                EXTI2_TS_IRQHandler
                0x08026de4                ADC1_2_IRQHandler
                0x08026de4                SPI1_IRQHandler
                0x08026de4                TIM6_DAC_IRQHandler
                0x08026de4                TIM8_UP_IRQHandler
                0x08026de4                DMA2_Channel2_IRQHandler
                0x08026de4                CAN1_RX1_IRQHandler
                0x08026de4                UART5_IRQHandler
                0x08026de4                ADC3_IRQHandler
                0x08026de4                TIM4_IRQHandler
                0x08026de4                DMA2_Channel1_IRQHandler
                0x08026de4                I2C1_EV_IRQHandler
                0x08026de4                DMA1_Channel6_IRQHandler
                0x08026de4                UART4_IRQHandler
                0x08026de4                DMA2_Channel4_IRQHandler
                0x08026de4                RCC_IRQHandler
                0x08026de4                DMA1_Channel1_IRQHandler
                0x08026de4                Default_Handler
                0x08026de4                USBWakeUp_RMP_IRQHandler
                0x08026de4                EXTI15_10_IRQHandler
                0x08026de4                TIM7_IRQHandler
                0x08026de4                EXTI9_5_IRQHandler
                0x08026de4                TAMPER_STAMP_IRQHandler
                0x08026de4                RTC_WKUP_IRQHandler
                0x08026de4                SPI2_IRQHandler
                0x08026de4                DMA1_Channel5_IRQHandler
                0x08026de4                USB_LP_IRQHandler
                0x08026de4                EXTI4_IRQHandler
                0x08026de4                USB_LP_CAN1_RX0_IRQHandler
                0x08026de4                TIM1_TRG_COM_TIM17_IRQHandler
                0x08026de4                USB_HP_CAN1_TX_IRQHandler
                0x08026de4                DMA1_Channel3_IRQHandler
                0x08026de4                ADC4_IRQHandler
                0x08026de4                WWDG_IRQHandler
                0x08026de4                COMP7_IRQHandler
                0x08026de4                COMP1_2_3_IRQHandler
                0x08026de4                EXTI1_IRQHandler
                0x08026de4                USART2_IRQHandler
                0x08026de4                COMP4_5_6_IRQHandler
                0x08026de4                I2C2_ER_IRQHandler
                0x08026de4                DMA1_Channel2_IRQHandler
                0x08026de4                TIM8_BRK_IRQHandler
                0x08026de4                CAN1_SCE_IRQHandler
                0x08026de4                FLASH_IRQHandler
                0x08026de4                USART1_IRQHandler
                0x08026de4                SPI3_IRQHandler
                0x08026de4                I2C1_ER_IRQHandler
                0x08026de4                USBWakeUp_IRQHandler
                0x08026de4                DMA2_Channel3_IRQHandler
                0x08026de4                TIM1_BRK_TIM15_IRQHandler
 *(.rodata)
 .rodata        0x08026de8       0x54 ./src/max7456/osdWidgets.o
 .rodata        0x08026e3c       0xc8 ./src/gps/gps.o
 .rodata        0x08026f04       0x28 ./src/gps/gpsNMEA.o
 .rodata        0x08026f2c     0x406c ./src/drv/drv_max7456.o
                0x08026f2c                fontdata
 .rodata        0x0802af98      0x170 ./src/calibration/accelCalibration.o
 .rodata        0x0802b108      0x1e0 ./src/calibration/escCalibration.o
 .rodata        0x0802b2e8      0x174 ./src/calibration/magCalibration.o
 .rodata        0x0802b45c      0xe54 ./src/cli.o
 .rodata        0x0802c2b0     0x1b3c ./src/cliSupport.o
 .rodata        0x0802ddec       0x14 ./src/config.o
                0x0802ddec                rcChannelLetters
 .rodata        0x0802de00        0x8 ./src/main.o
 .rodata        0x0802de08      0x814 ./src/rfTelem.o
 .rodata        0x0802e61c       0x2c ./src/utilities.o
 .rodata        0x0802e648      0x398 c:/program files/codesourcery/sourcery_codebench_lite_for_arm_eabi/bin/../lib/gcc/arm-none-eabi/4.6.3/../../../../arm-none-eabi/lib/thumb2\libm.a(lib_a-ef_rem_pio2.o)
 .rodata        0x0802e9e0       0x38 c:/program files/codesourcery/sourcery_codebench_lite_for_arm_eabi/bin/../lib/gcc/arm-none-eabi/4.6.3/../../../../arm-none-eabi/lib/thumb2\libm.a(lib_a-kf_rem_pio2.o)
 .rodata        0x0802ea18       0x40 c:/program files/codesourcery/sourcery_codebench_lite_for_arm_eabi/bin/../lib/gcc/arm-none-eabi/4.6.3/../../../../arm-none-eabi/lib/thumb2\libm.a(lib_a-s_atan.o)
 .rodata        0x0802ea58       0x20 c:/program files/codesourcery/sourcery_codebench_lite_for_arm_eabi/bin/../lib/gcc/arm-none-eabi/4.6.3/../../../../arm-none-eabi/lib/thumb2\libm.a(lib_a-sf_atan.o)
 .rodata        0x0802ea78       0x20 c:/program files/codesourcery/sourcery_codebench_lite_for_arm_eabi/bin/../lib/gcc/arm-none-eabi/4.6.3/../../../../arm-none-eabi/lib/thumb2\libc.a(lib_a-svfprintf.o)
 .rodata        0x0802ea98      0x128 c:/program files/codesourcery/sourcery_codebench_lite_for_arm_eabi/bin/../lib/gcc/arm-none-eabi/4.6.3/../../../../arm-none-eabi/lib/thumb2\libc.a(lib_a-mprec.o)
                0x0802eaa8                __mprec_tens
                0x0802eb70                __mprec_tinytens
                0x0802eb98                __mprec_bigtens
 .rodata        0x0802ebc0       0x20 c:/program files/codesourcery/sourcery_codebench_lite_for_arm_eabi/bin/../lib/gcc/arm-none-eabi/4.6.3/../../../../arm-none-eabi/lib/thumb2\libc.a(lib_a-svfiprintf.o)
 *(.rodata*)
 .rodata.str1.4
                0x0802ebe0        0x5 c:/program files/codesourcery/sourcery_codebench_lite_for_arm_eabi/bin/../lib/gcc/arm-none-eabi/4.6.3/../../../../arm-none-eabi/lib/thumb2\libm.a(lib_a-w_sqrt.o)
                                  0x8 (size before relaxing)
 *fill*         0x0802ebe5        0x3 00
 .rodata.str1.4
                0x0802ebe8        0x6 c:/program files/codesourcery/sourcery_codebench_lite_for_arm_eabi/bin/../lib/gcc/arm-none-eabi/4.6.3/../../../../arm-none-eabi/lib/thumb2\libm.a(lib_a-wf_asin.o)
                                  0xc (size before relaxing)
 *fill*         0x0802ebee        0x2 00
 .rodata.str1.4
                0x0802ebf0        0x2 c:/program files/codesourcery/sourcery_codebench_lite_for_arm_eabi/bin/../lib/gcc/arm-none-eabi/4.6.3/../../../../arm-none-eabi/lib/thumb2\libc.a(lib_a-impure.o)
                                  0x4 (size before relaxing)
 *fill*         0x0802ebf2        0x2 00
 .rodata.str1.4
                0x0802ebf4       0x42 c:/program files/codesourcery/sourcery_codebench_lite_for_arm_eabi/bin/../lib/gcc/arm-none-eabi/4.6.3/../../../../arm-none-eabi/lib/thumb2\libc.a(lib_a-svfprintf.o)
                                 0x44 (size before relaxing)
 *fill*         0x0802ec36        0x2 00
 .rodata.str1.4
                0x0802ec38       0x10 c:/program files/codesourcery/sourcery_codebench_lite_for_arm_eabi/bin/../lib/gcc/arm-none-eabi/4.6.3/../../../../arm-none-eabi/lib/thumb2\libc.a(lib_a-dtoa.o)
                                 0x14 (size before relaxing)
 .rodata.str1.4
                0x0802ec48        0xc c:/program files/codesourcery/sourcery_codebench_lite_for_arm_eabi/bin/../lib/gcc/arm-none-eabi/4.6.3/../../../../arm-none-eabi/lib/thumb2\libc.a(lib_a-locale.o)
                                 0x14 (size before relaxing)
 .rodata.str1.4
                0x00000000       0x30 c:/program files/codesourcery/sourcery_codebench_lite_for_arm_eabi/bin/../lib/gcc/arm-none-eabi/4.6.3/../../../../arm-none-eabi/lib/thumb2\libc.a(lib_a-svfiprintf.o)
 *(.glue_7)
 .glue_7        0x00000000        0x0 linker stubs
 *(.glue_7t)
 .glue_7t       0x00000000        0x0 linker stubs
 *(.eh_frame)
 .eh_frame      0x0802ec54        0x0 c:/program files/codesourcery/sourcery_codebench_lite_for_arm_eabi/bin/../lib/gcc/arm-none-eabi/4.6.3/thumb2/crtbegin.o
 *(.init)
 .init          0x0802ec54        0x4 c:/program files/codesourcery/sourcery_codebench_lite_for_arm_eabi/bin/../lib/gcc/arm-none-eabi/4.6.3/thumb2/crti.o
                0x0802ec54                _init
 .init          0x0802ec58        0x8 c:/program files/codesourcery/sourcery_codebench_lite_for_arm_eabi/bin/../lib/gcc/arm-none-eabi/4.6.3/thumb2/crtn.o
 *(.fini)
 .fini          0x0802ec60        0x4 c:/program files/codesourcery/sourcery_codebench_lite_for_arm_eabi/bin/../lib/gcc/arm-none-eabi/4.6.3/thumb2/crti.o
                0x0802ec60                _fini
 .fini          0x0802ec64        0x8 c:/program files/codesourcery/sourcery_codebench_lite_for_arm_eabi/bin/../lib/gcc/arm-none-eabi/4.6.3/thumb2/crtn.o
                0x0802ec6c                . = ALIGN (0x4)
                0x0802ec6c                _etext = .

.vfp11_veneer   0x0802ec6c        0x0
 .vfp11_veneer  0x00000000        0x0 linker stubs

.v4_bx          0x0802ec6c        0x0
 .v4_bx         0x00000000        0x0 linker stubs

.iplt           0x0802ec6c        0x0
 .iplt          0x00000000        0x0 c:/program files/codesourcery/sourcery_codebench_lite_for_arm_eabi/bin/../lib/gcc/arm-none-eabi/4.6.3/thumb2/crtbegin.o

.ARM.extab
 *(.ARM.extab* .gnu.linkonce.armextab.*)

.ARM            0x0802ec6c        0x8
                0x0802ec6c                __exidx_start = .
 *(.ARM.exidx*)
 .ARM.exidx     0x0802ec6c        0x8 c:/program files/codesourcery/sourcery_codebench_lite_for_arm_eabi/bin/../lib/gcc/arm-none-eabi/4.6.3/thumb2\libgcc.a(_divdi3.o)
 .ARM.exidx     0x0802ec74        0x0 c:/program files/codesourcery/sourcery_codebench_lite_for_arm_eabi/bin/../lib/gcc/arm-none-eabi/4.6.3/thumb2\libgcc.a(_udivdi3.o)
                                  0x8 (size before relaxing)
                0x0802ec74                __exidx_end = .

.rel.dyn        0x0802ec74        0x0
 .rel.iplt      0x00000000        0x0 c:/program files/codesourcery/sourcery_codebench_lite_for_arm_eabi/bin/../lib/gcc/arm-none-eabi/4.6.3/thumb2/crtbegin.o

.preinit_array  0x0802ec74        0x0
                0x0802ec74                PROVIDE (__preinit_array_start, .)
 *(.preinit_array*)
                0x0802ec74                PROVIDE (__preinit_array_end, .)

.init_array     0x0802ec74        0x4
                0x0802ec74                PROVIDE (__init_array_start, .)
 *(SORT(.init_array.*))
 *(.init_array*)
 .init_array    0x0802ec74        0x4 c:/program files/codesourcery/sourcery_codebench_lite_for_arm_eabi/bin/../lib/gcc/arm-none-eabi/4.6.3/thumb2/crtbegin.o
                0x0802ec78                PROVIDE (__init_array_end, .)

.fini_array     0x0802ec78        0x4
                0x0802ec78                PROVIDE (__fini_array_start, .)
 *(.fini_array*)
 .fini_array    0x0802ec78        0x4 c:/program files/codesourcery/sourcery_codebench_lite_for_arm_eabi/bin/../lib/gcc/arm-none-eabi/4.6.3/thumb2/crtbegin.o
 *(SORT(.fini_array.*))
                0x0802ec7c                PROVIDE (__fini_array_end, .)
                0x0802ec7c                _sidata = .

.data           0x20000000      0x6a4 load address 0x0802ec7c
                0x20000000                . = ALIGN (0x4)
                0x20000000                _sdata = .
 *(.data)
 .data          0x20000000        0x4 ./src/sensors/lsm303dlhc.o
                0x20000000                accelOneG
 .data          0x20000004        0xa ./src/max7456/osdWidgets.o
                0x20000004                lastHoldState
                0x20000006                lastAltitude
                0x20000008                lastHoldAltitude
                0x2000000a                lastAHflightMode
                0x2000000b                lastATTflightMode
                0x2000000c                lastOSDheading
 *fill*         0x2000000e        0x2 00
 .data          0x20000010       0x20 ./src/drv/drv_pwmEsc.o
 .data          0x20000030        0x8 ./src/drv/drv_pwmServo.o
 .data          0x20000038       0x40 ./src/drv/drv_rx.o
 .data          0x20000078        0xc ./src/MargAHRS.o
                0x20000078                q0
                0x2000007c                accConfidence
 .data          0x20000084        0x1 ./src/config.o
 *fill*         0x20000085        0x3 00
 .data          0x20000088       0x2c ./src/flightCommand.o
                0x20000088                rxCommand
                0x200000a8                commandInDetent
                0x200000ac                previousCommandInDetent
                0x200000b0                previousAUX2State
 .data          0x200000b4       0x28 ./src/mixer.o
                0x200000b4                motor
                0x200000d4                servo
 .data          0x200000dc        0x1 ./src/pid.o
                0x200000dc                holdIntegrators
 *fill*         0x200000dd        0x3 00
 .data          0x200000e0       0x14 ./src/system_stm32f30x.o
                0x200000e0                SystemCoreClock
                0x200000e4                AHBPrescTable
 .data          0x200000f4       0x2c ./Libraries/STM32F30x_StdPeriph_Driver/src/stm32f30x_rcc.o
 .data          0x20000120        0x1 c:/program files/codesourcery/sourcery_codebench_lite_for_arm_eabi/bin/../lib/gcc/arm-none-eabi/4.6.3/../../../../arm-none-eabi/lib/thumb2\libm.a(lib_a-s_lib_ver.o)
                0x20000120                __fdlib_version
 *fill*         0x20000121        0x3 00
 .data          0x20000124       0xf4 c:/program files/codesourcery/sourcery_codebench_lite_for_arm_eabi/bin/../lib/gcc/arm-none-eabi/4.6.3/../../../../arm-none-eabi/lib/thumb2\libc.a(lib_a-impure.o)
                0x20000124                _impure_ptr
 .data          0x20000218       0x7c c:/program files/codesourcery/sourcery_codebench_lite_for_arm_eabi/bin/../lib/gcc/arm-none-eabi/4.6.3/../../../../arm-none-eabi/lib/thumb2\libc.a(lib_a-locale.o)
                0x20000238                __mb_cur_max
 .data          0x20000294      0x410 c:/program files/codesourcery/sourcery_codebench_lite_for_arm_eabi/bin/../lib/gcc/arm-none-eabi/4.6.3/../../../../arm-none-eabi/lib/thumb2\libc.a(lib_a-mallocr.o)
                0x20000294                __malloc_av_
                0x2000069c                __malloc_sbrk_base
                0x200006a0                __malloc_trim_threshold
 *(.data*)
                0x200006a4                . = ALIGN (0x4)
                0x200006a4                _edata = .

.jcr            0x200006a4        0x0 load address 0x0802f320
 .jcr           0x200006a4        0x0 c:/program files/codesourcery/sourcery_codebench_lite_for_arm_eabi/bin/../lib/gcc/arm-none-eabi/4.6.3/thumb2/crtbegin.o

.igot.plt       0x200006a4        0x0 load address 0x0802f320
 .igot.plt      0x00000000        0x0 c:/program files/codesourcery/sourcery_codebench_lite_for_arm_eabi/bin/../lib/gcc/arm-none-eabi/4.6.3/thumb2/crtbegin.o
                0x200006a4                . = ALIGN (0x4)

.bss            0x200006a4     0x38b8 load address 0x0802f320
                0x200006a4                _sbss = .
                0x200006a4                __bss_start__ = _sbss
 *(.bss)
 .bss           0x200006a4       0x1c c:/program files/codesourcery/sourcery_codebench_lite_for_arm_eabi/bin/../lib/gcc/arm-none-eabi/4.6.3/thumb2/crtbegin.o
 .bss           0x200006c0       0x10 ./src/sensors/l3gd20.o
                0x200006c0                gyroSum500Hz
                0x200006cc                gyroCalibrating
 .bss           0x200006d0       0x20 ./src/sensors/lsm303dlhc.o
                0x200006d0                accelCalibrating
                0x200006d4                accelSum100Hz
                0x200006e0                accelSum500Hz
                0x200006ec                magDataUpdate
                0x200006ed                newMagData
 .bss           0x200006f0       0x10 ./src/max7456/osdWidgets.o
                0x200006f0                ahOldLine
                0x200006f8                aiOldline
 .bss           0x20000700        0x1 ./src/gps/gpsNMEA.o
                0x20000700                sentenceLength
 *fill*         0x20000701        0x3 00
 .bss           0x20000704        0x8 ./src/drv/drv_gps.o
                0x20000704                rx2DMAPos
                0x20000708                tx2BufferTail
                0x2000070a                tx2BufferHead
 .bss           0x2000070c        0x4 ./src/drv/drv_i2c.o
 .bss           0x20000710        0xa ./src/drv/drv_max7456.o
                0x20000710                osdDisabled
                0x20000712                maxScreenSize
                0x20000714                maxScreenRows
                0x20000716                enableDisplay
                0x20000717                enableDisplayVert
                0x20000718                max7456Reset
                0x20000719                disableDisplay
 *fill*         0x2000071a        0x2 00
 .bss           0x2000071c       0x48 ./src/drv/drv_rx.o
                0x2000071c                rcActive
                0x2000075a                spektrumFrameComplete
 .bss           0x20000764        0x4 ./src/drv/drv_spi.o
 .bss           0x20000768       0x18 ./src/drv/drv_system.o
                0x20000774                frameCounter
                0x20000776                frame_500Hz
                0x20000777                frame_100Hz
                0x20000778                frame_50Hz
                0x20000779                frame_10Hz
                0x2000077a                frame_5Hz
                0x2000077b                frame_1Hz
                0x2000077c                systemReady
                0x2000077d                execUp
 .bss           0x20000780        0x8 ./src/drv/drv_telemetry.o
                0x20000780                rx4DMAPos
                0x20000784                tx4BufferTail
                0x20000786                tx4BufferHead
 .bss           0x20000788        0xc ./src/drv/drv_uart1.o
                0x20000788                rx1DMAPos
                0x2000078c                tx1BufferTail
                0x20000790                tx1BufferHead
 .bss           0x20000794        0x1 ./src/calibration/escCalibration.o
                0x20000794                escCalibrating
 .bss           0x20000795        0x1 ./src/calibration/magCalibration.o
                0x20000795                magCalibrating
 *fill*         0x20000796        0x2 00
 .bss           0x20000798       0x44 ./src/MargAHRS.o
                0x20000798                exAcc
                0x2000079c                eyAcc
                0x200007a0                ezAcc
                0x200007a4                exAccInt
                0x200007a8                eyAccInt
                0x200007ac                ezAccInt
                0x200007b0                exMag
                0x200007b4                eyMag
                0x200007b8                ezMag
                0x200007bc                exMagInt
                0x200007c0                eyMagInt
                0x200007c4                ezMagInt
                0x200007c8                q1
                0x200007cc                q2
                0x200007d0                q3
                0x200007d4                MargAHRSinitialized
                0x200007d8                accConfidenceDecay
 .bss           0x200007dc        0xc ./src/cli.o
                0x200007dc                cliBusy
                0x200007df                highSpeedTelem1Enabled
                0x200007e0                highSpeedTelem2Enabled
                0x200007e1                highSpeedTelem3Enabled
                0x200007e2                highSpeedTelem4Enabled
                0x200007e3                highSpeedTelem5Enabled
                0x200007e4                highSpeedTelem6Enabled
                0x200007e5                highSpeedTelem7Enabled
                0x200007e6                highSpeedTelem8Enabled
                0x200007e7                highSpeedTelem9Enabled
 .bss           0x200007e8        0x1 ./src/computeAxisCommands.o
                0x200007e8                previousHeadingHoldEngaged
 *fill*         0x200007e9        0x3 00
 .bss           0x200007ec        0xc ./src/coordinateTransforms.o
                0x200007ec                earthAxisAccels
 .bss           0x200007f8        0xc ./src/flightCommand.o
                0x200007f8                flightMode
                0x200007f9                headingHoldEngaged
                0x200007fa                armed
                0x200007fb                armingTimer
                0x200007fc                altitudeHoldState
                0x20000800                altitudeHoldThrottleValue
 .bss           0x20000804        0x1 ./src/main.o
                0x20000804                execUpCount
 .bss           0x20000805        0x3 ./src/rfTelem.o
                0x20000805                rfBusy
 .bss           0x20000808        0x4 ./src/utilities.o
 .bss           0x2000080c        0xc ./src/vertCompFilter.o
                0x2000080c                estimationError
                0x20000810                hDotEstimate
                0x20000814                previousExecUp
 .bss           0x20000818       0x34 c:/program files/codesourcery/sourcery_codebench_lite_for_arm_eabi/bin/../lib/gcc/arm-none-eabi/4.6.3/../../../../arm-none-eabi/lib/thumb2\libc.a(lib_a-mallocr.o)
                0x20000818                __malloc_top_pad
                0x2000081c                __malloc_current_mallinfo
                0x20000844                __malloc_max_sbrked_mem
                0x20000848                __malloc_max_total_mem
 *(.bss*)
 *(COMMON)
 COMMON         0x2000084c       0x26 ./src/sensors/l3gd20.o
                0x2000084c                nmeaProcessDataState
                0x2000084d                mtk19ProcessDataState
                0x20000850                gyroSummedSamples500Hz
                0x2000085c                gyroRTBias
                0x20000868                ubloxProcessDataState
                0x2000086c                rawGyro
 *fill*         0x20000872        0x2 00
 COMMON         0x20000874       0x34 ./src/sensors/lsm303dlhc.o
                0x20000874                rawMag
                0x2000087c                rawAccel
                0x20000884                magScaleFactor
                0x20000890                accelSummedSamples100Hz
                0x2000089c                accelSummedSamples500Hz
 COMMON         0x200008a8        0x7 ./src/max7456/osdWidgets.o
                0x200008a8                ahCenter
                0x200008a9                ahTopPixel
                0x200008aa                aiCenter
                0x200008ab                ahBottomPixel
                0x200008ac                aiTopPixel
                0x200008ad                aiBottomPixel
                0x200008ae                reticleRow
 *fill*         0x200008af        0x1 00
 COMMON         0x200008b0       0x27 ./src/gps/gpsMediaTek19.o
                0x200008b0                mtk19CkA
                0x200008b1                mtk19DataLength
                0x200008b4                mtk19Message
                0x200008d4                mtkRevision
                0x200008d5                mtk19CkB
                0x200008d6                mtk19ExpectedDataLength
 *fill*         0x200008d7        0x1 00
 COMMON         0x200008d8       0x56 ./src/gps/gpsNMEA.o
                0x200008d8                sentenceCalculatedXOR
                0x200008dc                sentenceBuffer
                0x2000092d                sentenceXOR
 *fill*         0x2000092e        0x2 00
 COMMON         0x20000930       0x3d ./src/gps/gpsUblox.o
                0x20000930                ubloxExpectedDataLength
                0x20000934                ubloxMessage
                0x20000968                ubloxClass
                0x20000969                ubloxCKA
                0x2000096a                ubloxId
                0x2000096b                ubloxCKB
                0x2000096c                ubloxDataLength
 *fill*         0x2000096d        0x3 00
 COMMON         0x20000970     0x1000 ./src/drv/drv_gps.o
                0x20000970                rx2Buffer
                0x20001170                tx2Buffer
 COMMON         0x20001970        0x4 ./src/drv/drv_i2c.o
                0x20001970                i2cTimeout
 COMMON         0x20001974       0x4d ./src/drv/drv_rx.o
                0x20001974                spektrumTimeInterval
                0x20001978                spektrumChannelMask
                0x20001979                i
                0x2000197a                spektrumBindCount
                0x2000197b                spektrumChannelShift
                0x2000197c                spektrumTimeLast
                0x20001980                spektrumFrame
                0x20001990                spektrumChannelData
                0x200019c0                spektrumFramePosition
 *fill*         0x200019c1        0x3 00
 COMMON         0x200019c4       0x5c ./src/drv/drv_system.o
                0x200019c4                executionTime1000Hz
                0x200019c8                deltaTime1Hz
                0x200019cc                executionTime5Hz
                0x200019d0                previous5HzTime
                0x200019d4                deltaTime1000Hz
                0x200019d8                previous10HzTime
                0x200019dc                executionTime10Hz
                0x200019e0                executionTime100Hz
                0x200019e4                deltaTime100Hz
                0x200019e8                previous50HzTime
                0x200019ec                deltaTime5Hz
                0x200019f0                deltaTime500Hz
                0x200019f4                executionTime500Hz
                0x200019f8                previous1000HzTime
                0x200019fc                executionTime1Hz
                0x20001a00                previous500HzTime
                0x20001a04                dt500Hz
                0x20001a08                dt100Hz
                0x20001a0c                deltaTime50Hz
                0x20001a10                executionTime50Hz
                0x20001a14                previous1HzTime
                0x20001a18                previous100HzTime
                0x20001a1c                deltaTime10Hz
 COMMON         0x20001a20     0x1000 ./src/drv/drv_telemetry.o
                0x20001a20                rx4Buffer
                0x20002220                tx4Buffer
 COMMON         0x20002a20     0x1000 ./src/drv/drv_uart1.o
                0x20002a20                rx1Buffer
                0x20003220                tx1Buffer
 COMMON         0x20003a20        0x1 ./src/calibration/escCalibration.o
                0x20003a20                temp
 *fill*         0x20003a21        0x3 00
 COMMON         0x20003a24       0x34 ./src/MargAHRS.o
                0x20003a24                kiAcc
                0x20003a28                q1q2
                0x20003a2c                q2q2
                0x20003a30                q0q1
                0x20003a34                q0q0
                0x20003a38                q1q1
                0x20003a3c                q3q3
                0x20003a40                q1q3
                0x20003a44                q2q3
                0x20003a48                q0q3
                0x20003a4c                q0q2
                0x20003a50                kpAcc
                0x20003a54                halfT
 COMMON         0x20003a58       0x34 ./src/computeAxisCommands.o
                0x20003a58                attCmd
                0x20003a64                attPID
                0x20003a70                axisPID
                0x20003a7c                headingReference
                0x20003a80                rateCmd
 COMMON         0x20003a8c        0x4 ./src/config.o
                0x20003a8c                vTailThrust
 COMMON         0x20003a90       0x24 ./src/coordinateTransforms.o
                0x20003a90                rotationMatrix
 COMMON         0x20003ab4       0xc0 ./src/lowPassFilter.o
                0x20003ab4                fourthOrder500Hz
                0x20003b14                fourthOrder100Hz
 COMMON         0x20003b74      0x3d4 ./src/main.o
                0x20003b74                timerValue
                0x20003b78                numberString
                0x20003b98                sensors
                0x20003bfc                eepromConfig
 COMMON         0x20003f48        0x1 ./src/mixer.o
                0x20003f48                numberMotor
 *fill*         0x20003f49        0x3 00
 COMMON         0x20003f4c        0x4 ./src/pid.o
                0x20003f4c                rc
 COMMON         0x20003f50        0x8 ./src/vertCompFilter.o
                0x20003f50                hEstimate
                0x20003f54                accelZ
 COMMON         0x20003f58        0x4 c:/program files/codesourcery/sourcery_codebench_lite_for_arm_eabi/bin/../lib/gcc/arm-none-eabi/4.6.3/../../../../arm-none-eabi/lib/thumb2\libc.a(lib_a-reent.o)
                0x20003f58                errno
                0x20003f5c                . = ALIGN (0x4)
                0x20003f5c                _ebss = .
                0x20003f5c                __bss_end__ = _ebss

._user_heap_stack
                0x20003f5c      0x400 load address 0x0802f320
                0x20003f5c                . = ALIGN (0x4)
                0x20003f5c                PROVIDE (end, .)
                0x20003f5c                PROVIDE (_end, .)
                0x20003f5c                . = (. + _Min_Heap_Size)
                0x2000435c                . = (. + _Min_Stack_Size)
 *fill*         0x20003f5c      0x400 00
                0x2000435c                . = ALIGN (0x4)

/DISCARD/
 libc.a(*)
 libm.a(*)
 libgcc.a(*)

.ARM.attributes
                0x00000000       0x35
 *(.ARM.attributes)
 .ARM.attributes
                0x00000000       0x1b c:/program files/codesourcery/sourcery_codebench_lite_for_arm_eabi/bin/../lib/gcc/arm-none-eabi/4.6.3/thumb2/crti.o
 .ARM.attributes
                0x0000001b       0x2b c:/program files/codesourcery/sourcery_codebench_lite_for_arm_eabi/bin/../lib/gcc/arm-none-eabi/4.6.3/thumb2/crtbegin.o
 .ARM.attributes
                0x00000046       0x21 ./src/startup/startup_stm32f30x.o
 .ARM.attributes
                0x00000067       0x39 ./src/sensors/l3gd20.o
 .ARM.attributes
                0x000000a0       0x39 ./src/sensors/lsm303dlhc.o
 .ARM.attributes
                0x000000d9       0x39 ./src/max7456/osdWidgets.o
 .ARM.attributes
                0x00000112       0x39 ./src/gps/gps.o
 .ARM.attributes
                0x0000014b       0x39 ./src/gps/gpsMediaTek19.o
 .ARM.attributes
                0x00000184       0x39 ./src/gps/gpsNMEA.o
 .ARM.attributes
                0x000001bd       0x39 ./src/gps/gpsUblox.o
 .ARM.attributes
                0x000001f6       0x39 ./src/drv/drv_gps.o
 .ARM.attributes
                0x0000022f       0x39 ./src/drv/drv_i2c.o
 .ARM.attributes
                0x00000268       0x39 ./src/drv/drv_led.o
 .ARM.attributes
                0x000002a1       0x39 ./src/drv/drv_max7456.o
 .ARM.attributes
                0x000002da       0x39 ./src/drv/drv_pwmEsc.o
 .ARM.attributes
                0x00000313       0x39 ./src/drv/drv_pwmServo.o
 .ARM.attributes
                0x0000034c       0x39 ./src/drv/drv_rx.o
 .ARM.attributes
                0x00000385       0x39 ./src/drv/drv_spi.o
 .ARM.attributes
                0x000003be       0x39 ./src/drv/drv_system.o
 .ARM.attributes
                0x000003f7       0x39 ./src/drv/drv_telemetry.o
 .ARM.attributes
                0x00000430       0x39 ./src/drv/drv_timingFunctions.o
 .ARM.attributes
                0x00000469       0x39 ./src/drv/drv_uart1.o
 .ARM.attributes
                0x000004a2       0x39 ./src/calibration/accelCalibration.o
 .ARM.attributes
                0x000004db       0x39 ./src/calibration/escCalibration.o
 .ARM.attributes
                0x00000514       0x39 ./src/calibration/magCalibration.o
 .ARM.attributes
                0x0000054d       0x39 ./src/MargAHRS.o
 .ARM.attributes
                0x00000586       0x39 ./src/cli.o
 .ARM.attributes
                0x000005bf       0x39 ./src/cliSupport.o
 .ARM.attributes
                0x000005f8       0x39 ./src/computeAxisCommands.o
 .ARM.attributes
                0x00000631       0x39 ./src/config.o
 .ARM.attributes
                0x0000066a       0x39 ./src/coordinateTransforms.o
 .ARM.attributes
                0x000006a3       0x39 ./src/flightCommand.o
 .ARM.attributes
                0x000006dc       0x39 ./src/linearAlgebra.o
 .ARM.attributes
                0x00000715       0x39 ./src/lowPassFilter.o
 .ARM.attributes
                0x0000074e       0x39 ./src/main.o
 .ARM.attributes
                0x00000787       0x39 ./src/mixer.o
 .ARM.attributes
                0x000007c0       0x39 ./src/pid.o
 .ARM.attributes
                0x000007f9       0x39 ./src/rfTelem.o
 .ARM.attributes
                0x00000832       0x39 ./src/stm32f30x_it.o
 .ARM.attributes
                0x0000086b       0x39 ./src/system_stm32f30x.o
 .ARM.attributes
                0x000008a4       0x39 ./src/utilities.o
 .ARM.attributes
                0x000008dd       0x39 ./src/vertCompFilter.o
 .ARM.attributes
                0x00000916       0x39 ./Libraries/STM32F30x_StdPeriph_Driver/src/stm32f30x_dma.o
 .ARM.attributes
                0x0000094f       0x39 ./Libraries/STM32F30x_StdPeriph_Driver/src/stm32f30x_flash.o
 .ARM.attributes
                0x00000988       0x39 ./Libraries/STM32F30x_StdPeriph_Driver/src/stm32f30x_gpio.o
 .ARM.attributes
                0x000009c1       0x39 ./Libraries/STM32F30x_StdPeriph_Driver/src/stm32f30x_i2c.o
 .ARM.attributes
                0x000009fa       0x39 ./Libraries/STM32F30x_StdPeriph_Driver/src/stm32f30x_misc.o
 .ARM.attributes
                0x00000a33       0x39 ./Libraries/STM32F30x_StdPeriph_Driver/src/stm32f30x_rcc.o
 .ARM.attributes
                0x00000a6c       0x39 ./Libraries/STM32F30x_StdPeriph_Driver/src/stm32f30x_spi.o
 .ARM.attributes
                0x00000aa5       0x39 ./Libraries/STM32F30x_StdPeriph_Driver/src/stm32f30x_tim.o
 .ARM.attributes
                0x00000ade       0x39 ./Libraries/STM32F30x_StdPeriph_Driver/src/stm32f30x_usart.o
 .ARM.attributes
                0x00000b17       0x2b c:/program files/codesourcery/sourcery_codebench_lite_for_arm_eabi/bin/../lib/gcc/arm-none-eabi/4.6.3/../../../../arm-none-eabi/lib/thumb2\libm.a(lib_a-sf_cos.o)
 .ARM.attributes
                0x00000b42       0x2b c:/program files/codesourcery/sourcery_codebench_lite_for_arm_eabi/bin/../lib/gcc/arm-none-eabi/4.6.3/../../../../arm-none-eabi/lib/thumb2\libm.a(lib_a-sf_sin.o)
 .ARM.attributes
                0x00000b6d       0x2b c:/program files/codesourcery/sourcery_codebench_lite_for_arm_eabi/bin/../lib/gcc/arm-none-eabi/4.6.3/../../../../arm-none-eabi/lib/thumb2\libm.a(lib_a-w_atan2.o)
 .ARM.attributes
                0x00000b98       0x2b c:/program files/codesourcery/sourcery_codebench_lite_for_arm_eabi/bin/../lib/gcc/arm-none-eabi/4.6.3/../../../../arm-none-eabi/lib/thumb2\libm.a(lib_a-w_sqrt.o)
 .ARM.attributes